[13:49:59] [ServerMain/INFO]: [bootstrap] Running Java 21 (OpenJDK 64-Bit Server VM 21.0.9+10-LTS; Eclipse Adoptium Temurin-21.0.9+10) on Windows 11 10.0 (amd64)
[13:49:59] [ServerMain/INFO]: [bootstrap] Loading Paper 1.21.11-69-main@94d0c97 (2025-12-30T20:33:30Z) for Minecraft 1.21.11
[13:50:00] [ServerMain/INFO]: [PluginInitializerManager] Initializing plugins...
[13:50:01] [Paper Plugin Remapper Thread - 0/INFO]: [ReobfServer] Remapping server...
[13:50:07] [Paper Plugin Remapper Thread - 0/INFO]: [ReobfServer] Done remapping server in 5702ms.
[13:50:07] [Paper Plugin Remapper Thread - 2/INFO]: [PluginRemapper] Remapping plugin 'C:\Users\heesa\IdeaProjects\practice\build\libs\AbilityPvP-1.3-SNAPSHOT-all.jar'...
[13:50:08] [Paper Plugin Remapper Thread - 2/INFO]: [PluginRemapper] Done remapping plugin 'C:\Users\heesa\IdeaProjects\practice\build\libs\AbilityPvP-1.3-SNAPSHOT-all.jar' in 611ms.
[13:50:08] [ServerMain/INFO]: [PluginInitializerManager] Initialized 1 plugin
[13:50:08] [ServerMain/INFO]: [PluginInitializerManager] Bukkit plugins (1):
 - AbilityPvP (1.3-SNAPSHOT)
[13:50:12] [ServerMain/INFO]: Environment: Environment[sessionHost=https://sessionserver.mojang.com, servicesHost=https://api.minecraftservices.com, profilesHost=https://api.mojang.com, name=PROD]
[13:50:13] [ServerMain/INFO]: [ca.spottedleaf.dataconverter.minecraft.datatypes.MCTypeRegistry] Initialising converters for DataConverter...
[13:50:13] [ServerMain/INFO]: [ca.spottedleaf.dataconverter.minecraft.datatypes.MCTypeRegistry] Finished initialising converters for DataConverter in 339.1ms
[13:50:15] [ServerMain/INFO]: Loaded 1470 recipes
[13:50:15] [ServerMain/INFO]: Loaded 1584 advancements
[13:50:15] [Server thread/INFO]: Starting minecraft server version 1.21.11
[13:50:15] [Server thread/INFO]: Loading properties
[13:50:15] [Server thread/INFO]: This server is running Paper version 1.21.11-69-main@94d0c97 (2025-12-30T20:33:30Z) (Implementing API version 1.21.11-R0.1-SNAPSHOT)
[13:50:15] [Server thread/INFO]: [spark] This server bundles the spark profiler. For more information please visit https://docs.papermc.io/paper/profiling
[13:50:15] [Server thread/INFO]: Server Ping Player Sample Count: 12
[13:50:15] [Server thread/INFO]: Using 4 threads for Netty based IO
[13:50:17] [Server thread/INFO]: [MoonriseCommon] Paper is using 2 worker threads, 1 I/O threads
[13:50:17] [Server thread/INFO]: Default game type: SURVIVAL
[13:50:17] [Server thread/INFO]: Generating keypair
[13:50:17] [Server thread/INFO]: Starting Minecraft server on *:25565
[13:50:17] [Server thread/INFO]: Paper: Using Java compression from Velocity.
[13:50:17] [Server thread/INFO]: Paper: Using Java cipher from Velocity.
[13:50:18] [Server thread/INFO]: [AbilityPvP] Loading server plugin AbilityPvP v1.3-SNAPSHOT
[13:50:18] [Server thread/INFO]: Server permissions file permissions.yml is empty, ignoring it
[13:50:18] [Server thread/INFO]: Preparing level "world"
[13:50:18] [Server thread/INFO]: Loading 0 persistent chunks for world 'minecraft:overworld'...
[13:50:18] [Server thread/INFO]: Preparing spawn area: 100%
[13:50:18] [Server thread/INFO]: Prepared spawn area in 3 ms
[13:50:18] [Server thread/INFO]: Loading 0 persistent chunks for world 'minecraft:the_nether'...
[13:50:18] [Server thread/INFO]: Prepared spawn area in 1 ms
[13:50:18] [Server thread/INFO]: Loading 0 persistent chunks for world 'minecraft:the_end'...
[13:50:18] [Server thread/INFO]: Prepared spawn area in 1 ms
[13:50:18] [Server thread/INFO]: Done preparing level "world" (0.591s)
[13:50:18] [Server thread/INFO]: [AbilityPvP] Enabling AbilityPvP v1.3-SNAPSHOT
[13:50:18] [Server thread/INFO]: [AbilityPvP] Plugin enabled
[13:50:19] [Server thread/INFO]: [spark] Starting background profiler...
[13:50:19] [Server thread/INFO]: [spark] The async-profiler engine is not supported for your os/arch (windows11/amd64), so the built-in Java engine will be used instead.
[13:50:19] [Server thread/INFO]: Running delayed init tasks
[13:50:19] [Server thread/INFO]: Done (20.636s)! For help, type "help"
[13:50:38] [Server thread/INFO]: Stopping the server
[13:50:38] [Server thread/INFO]: Stopping server
[13:50:38] [Server thread/INFO]: [AbilityPvP] Disabling AbilityPvP v1.3-SNAPSHOT
[13:50:38] [Server thread/INFO]: Saving players
[13:50:38] [Server thread/INFO]: Saving worlds
[13:50:38] [Server thread/INFO]: Saving chunks for level 'ServerLevel[world]'/minecraft:overworld
[13:50:38] [Server thread/INFO]: [ChunkHolderManager] Waiting 60s for chunk system to halt for world 'world'
[13:50:38] [Server thread/INFO]: [ChunkHolderManager] Halted chunk system for world 'world'
[13:50:38] [Server thread/INFO]: [ChunkHolderManager] Saving all chunkholders for world 'world'
[13:50:38] [Server thread/INFO]: [ChunkHolderManager] Saved 0 block chunks, 0 entity chunks, 0 poi chunks in world 'world' in 0.00s
[13:50:38] [Server thread/INFO]: [ChunkHolderManager] Waiting 60s for chunk I/O to halt for world 'world'
[13:50:38] [Server thread/INFO]: [ChunkHolderManager] Halted I/O scheduler for world 'world'
[13:50:38] [Server thread/INFO]: Saving chunks for level 'ServerLevel[world_nether]'/minecraft:the_nether
[13:50:38] [Server thread/INFO]: [ChunkHolderManager] Waiting 60s for chunk system to halt for world 'world_nether'
[13:50:38] [Server thread/INFO]: [ChunkHolderManager] Halted chunk system for world 'world_nether'
[13:50:38] [Server thread/INFO]: [ChunkHolderManager] Saving all chunkholders for world 'world_nether'
[13:50:38] [Server thread/INFO]: [ChunkHolderManager] Saved 0 block chunks, 0 entity chunks, 0 poi chunks in world 'world_nether' in 0.00s
[13:50:38] [Server thread/INFO]: [ChunkHolderManager] Waiting 60s for chunk I/O to halt for world 'world_nether'
[13:50:38] [Server thread/INFO]: [ChunkHolderManager] Halted I/O scheduler for world 'world_nether'
[13:50:38] [Server thread/INFO]: Saving chunks for level 'ServerLevel[world_the_end]'/minecraft:the_end
[13:50:38] [Server thread/INFO]: [ChunkHolderManager] Waiting 60s for chunk system to halt for world 'world_the_end'
[13:50:38] [Server thread/INFO]: [ChunkHolderManager] Halted chunk system for world 'world_the_end'
[13:50:38] [Server thread/INFO]: [ChunkHolderManager] Saving all chunkholders for world 'world_the_end'
[13:50:38] [Server thread/INFO]: [ChunkHolderManager] Saved 0 block chunks, 0 entity chunks, 0 poi chunks in world 'world_the_end' in 0.00s
[13:50:38] [Server thread/INFO]: [ChunkHolderManager] Waiting 60s for chunk I/O to halt for world 'world_the_end'
[13:50:38] [Server thread/INFO]: [ChunkHolderManager] Halted I/O scheduler for world 'world_the_end'
[13:50:38] [Server thread/INFO]: ThreadedAnvilChunkStorage (world): All chunks are saved
[13:50:38] [Server thread/INFO]: ThreadedAnvilChunkStorage (DIM-1): All chunks are saved
[13:50:38] [Server thread/INFO]: ThreadedAnvilChunkStorage (DIM1): All chunks are saved
[13:50:38] [Server thread/INFO]: ThreadedAnvilChunkStorage: All dimensions are saved
[13:50:38] [Server thread/INFO]: Waiting for all RegionFile I/O tasks to complete...
[13:50:38] [Server thread/INFO]: All RegionFile I/O tasks to complete
[13:50:38] [Server thread/INFO]: [MoonriseCommon] Awaiting termination of worker pool for up to 60s...
[13:50:38] [Server thread/INFO]: [MoonriseCommon] Awaiting termination of I/O pool for up to 60s...
